model-android/README
model-android/am/final.mdl
model-android/conf/mfcc.conf
model-android/conf/model.conf
model-android/graph/Gr.fst
model-android/graph/HCLr.fst
model-android/graph/disambig_tid.int
model-android/graph/phones/word_boundary.int
model-android/graph/words.txt
model-android/ivector/final.dubm
model-android/ivector/final.ie
model-android/ivector/final.mat
model-android/ivector/global_cmvn.stats
model-android/ivector/online_cmvn.conf
model-android/ivector/splice.conf
vosk-model-small-en-us-0.3/Gr.fst
vosk-model-small-en-us-0.3/HCLr.fst
vosk-model-small-en-us-0.3/disambig_tid.int
vosk-model-small-en-us-0.3/final.mdl
vosk-model-small-en-us-0.3/ivector/final.dubm
vosk-model-small-en-us-0.3/ivector/final.ie
vosk-model-small-en-us-0.3/ivector/final.mat
vosk-model-small-en-us-0.3/ivector/global_cmvn.stats
vosk-model-small-en-us-0.3/ivector/online_cmvn.conf
vosk-model-small-en-us-0.3/ivector/splice.conf
vosk-model-small-en-us-0.3/mfcc.conf
vosk-model-small-en-us-0.3/word_boundary.int
vosk-model-small-pt-0.3/Gr.fst
vosk-model-small-pt-0.3/HCLr.fst
vosk-model-small-pt-0.3/README
vosk-model-small-pt-0.3/disambig_tid.int
vosk-model-small-pt-0.3/final.mdl
vosk-model-small-pt-0.3/ivector/final.dubm
vosk-model-small-pt-0.3/ivector/final.ie
vosk-model-small-pt-0.3/ivector/final.mat
vosk-model-small-pt-0.3/ivector/global_cmvn.stats
vosk-model-small-pt-0.3/ivector/online_cmvn.conf
vosk-model-small-pt-0.3/ivector/splice.conf
vosk-model-small-pt-0.3/mfcc.conf
vosk-model-small-pt-0.3/phones.txt
vosk-model-small-pt-0.3/word_boundary.int